exports[`<Posts /> renders 1`] = `
<div>
  <HelmetWrapper
    title="Posts" />
  <h1>
    Posts
  </h1>
  <ul>
    <li>
      <Link
        replace={false}
        to="/posts/1">
        Post 1
      </Link>
    </li>
    <li>
      <Link
        replace={false}
        to="/posts/2">
        Post 2
      </Link>
    </li>
  </ul>
  <undefined
    component={[Function]}
    pattern="/posts/:id" />
</div>
`;
